[121, 101, 115, 32, 109, 97, 110, 105, 32, 33]
[]
[104, 101, 108, 108, 111, 32, 119, 111, 114, 108, 100]
[]
[0, 121, 101, 115, 32, 109, 97, 110, 105, 32, 33]
[]
[0, 0, 121, 101, 115, 32, 109, 97, 110, 105, 32, 33]
[]
[102, 111, 111, 98, 97, 114]
[]
